Component: ARM Compiler 5.06 update 7 (build 960) Tool: armlink [4d3601]

==============================================================================

Section Cross References

    main.o(.text) refers to delay.o(.text) for delay_init
    main.o(.text) refers to misc.o(.text) for NVIC_PriorityGroupConfig
    main.o(.text) refers to usart.o(.text) for uart1_init
    main.o(.text) refers to led.o(.text) for LED_Init
    main.o(.text) refers to bsp_adc.o(.text) for ADC1_Config
    main.o(.text) refers to mpu6050.o(.text) for MPU_Init
    main.o(.text) refers to oled_spi.o(.text) for OLED_Init
    main.o(.text) refers to timer.o(.text) for TIM1_Int_Init
    main.o(.text) refers to pstwo.o(.text) for PS2_Init
    main.o(.text) refers to stmflash.o(.text) for STMFLASH_Read
    main.o(.text) refers to fft.o(.text) for InitBufInArray
    main.o(.text) refers to show.o(.text) for OLED_Show_Wave
    main.o(.text) refers to main.o(.bss) for .bss
    main.o(.text) refers to main.o(.data) for .data
    main.o(.text) refers to bsp_adc.o(.bss) for ADC_ConvertedValue
    main.o(.text) refers to fflti.o(.text) for __aeabi_i2f
    main.o(.text) refers to datascope_dp.o(.text) for DataScope_Get_Channel_Data
    main.o(.text) refers to f2d.o(.text) for __aeabi_f2d
    main.o(.text) refers to dadd.o(.text) for __aeabi_dadd
    main.o(.text) refers to d2f.o(.text) for __aeabi_d2f
    main.o(.text) refers to fadd.o(.text) for __aeabi_fadd
    main.o(.text) refers to memseta.o(.text) for __aeabi_memset
    main.o(.text) refers to dfltui.o(.text) for __aeabi_ui2d
    main.o(.text) refers to sin.o(i.sin) for sin
    main.o(.text) refers to ddiv.o(.text) for __aeabi_ddiv
    main.o(.text) refers to dmul.o(.text) for __aeabi_dmul
    main.o(.text) refers to dscalb.o(.text) for __ARM_scalbn
    main.o(.text) refers to dfixui.o(.text) for __aeabi_d2uiz
    system_stm32f10x.o(.text) refers to system_stm32f10x.o(.data) for .data
    delay.o(.text) refers to misc.o(.text) for SysTick_CLKSourceConfig
    delay.o(.text) refers to system_stm32f10x.o(.data) for SystemCoreClock
    delay.o(.text) refers to delay.o(.data) for .data
    sys.o(.text) refers to misc.o(.text) for NVIC_PriorityGroupConfig
    usart.o(.text) refers to stm32f10x_rcc.o(.text) for RCC_APB2PeriphClockCmd
    usart.o(.text) refers to stm32f10x_gpio.o(.text) for GPIO_Init
    usart.o(.text) refers to misc.o(.text) for NVIC_Init
    usart.o(.text) refers to stm32f10x_usart.o(.text) for USART_Init
    usart.o(.text) refers to usart.o(.data) for .data
    usart.o(.text) refers to usart.o(.bss) for .bss
    usart.o(.text) refers to strlen.o(.text) for strlen
    usart.o(.text) refers to memseta.o(.text) for __aeabi_memclr4
    usart.o(.text) refers to strcpy.o(.text) for strcpy
    usart.o(.text) refers to atoi.o(.text) for atoi
    led.o(.text) refers to stm32f10x_rcc.o(.text) for RCC_APB2PeriphClockCmd
    led.o(.text) refers to stm32f10x_gpio.o(.text) for GPIO_Init
    led.o(.text) refers to led.o(.data) for .data
    key.o(.text) refers to stm32f10x_rcc.o(.text) for RCC_APB2PeriphClockCmd
    key.o(.text) refers to stm32f10x_gpio.o(.text) for GPIO_Init
    key.o(.text) refers to key.o(.data) for .data
    exti.o(.text) refers to stm32f10x_rcc.o(.text) for RCC_APB2PeriphClockCmd
    exti.o(.text) refers to stm32f10x_gpio.o(.text) for GPIO_Init
    exti.o(.text) refers to stm32f10x_exti.o(.text) for EXTI_Init
    exti.o(.text) refers to misc.o(.text) for NVIC_Init
    control.o(.text) refers to stm32f10x_tim.o(.text) for TIM_GetITStatus
    control.o(.text) refers to mpu6050.o(.text) for Read_DMP
    control.o(.text) refers to fadd.o(.text) for __aeabi_fsub
    control.o(.text) refers to fmul.o(.text) for __aeabi_fmul
    control.o(.text) refers to ffixi.o(.text) for __aeabi_f2iz
    control.o(.text) refers to fflti.o(.text) for __aeabi_i2f
    control.o(.text) refers to f2d.o(.text) for __aeabi_f2d
    control.o(.text) refers to dmul.o(.text) for __aeabi_dmul
    control.o(.text) refers to d2f.o(.text) for __aeabi_d2f
    control.o(.text) refers to dadd.o(.text) for __aeabi_dadd
    control.o(.text) refers to motor.o(.text) for myabs
    control.o(.text) refers to fdiv.o(.text) for __aeabi_fdiv
    control.o(.text) refers to cfrcmple.o(.text) for __aeabi_cfrcmple
    control.o(.text) refers to usart.o(.text) for UsartSendByte
    control.o(.text) refers to printfa.o(i.__0printf) for __2printf
    control.o(.text) refers to main.o(.data) for time
    control.o(.text) refers to main.o(.data) for Flag_Qian
    control.o(.text) refers to main.o(.data) for flag_UltrasonicWave
    control.o(.text) refers to control.o(.data) for .data
    control.o(.text) refers to main.o(.data) for Flag_Hou
    control.o(.text) refers to main.o(.data) for all
    control.o(.text) refers to main.o(.data) for Flag_Left
    control.o(.text) refers to main.o(.data) for Flag_Right
    control.o(.text) refers to main.o(.data) for ZHONGZHI
    control.o(.text) refers to main.o(.data) for Balance_KD
[...]
    mpu_get_gyro_reg                         0x08003243   Thumb Code   152  inv_mpu.o(.text)
    mpu_get_accel_reg                        0x080032db   Thumb Code    66  inv_mpu.o(.text)
    mpu_get_temperature                      0x0800331d   Thumb Code   104  inv_mpu.o(.text)
    mpu_set_accel_bias                       0x08003385   Thumb Code   214  inv_mpu.o(.text)
    mpu_get_gyro_fsr                         0x0800345b   Thumb Code    48  inv_mpu.o(.text)
    mpu_get_accel_fsr                        0x0800348b   Thumb Code    54  inv_mpu.o(.text)
    mpu_get_lpf                              0x080034c1   Thumb Code    52  inv_mpu.o(.text)
    mpu_get_sample_rate                      0x080034f5   Thumb Code    22  inv_mpu.o(.text)
    mpu_get_compass_sample_rate              0x0800350b   Thumb Code     8  inv_mpu.o(.text)
    mpu_set_compass_sample_rate              0x08003513   Thumb Code     6  inv_mpu.o(.text)
    mpu_get_gyro_sens                        0x08003519   Thumb Code    44  inv_mpu.o(.text)
    mpu_get_accel_sens                       0x08003545   Thumb Code    62  inv_mpu.o(.text)
    mpu_get_fifo_config                      0x08003583   Thumb Code    10  inv_mpu.o(.text)
    mpu_get_power_state                      0x0800358d   Thumb Code    14  inv_mpu.o(.text)
    mpu_get_int_status                       0x0800359b   Thumb Code    48  inv_mpu.o(.text)
    mpu_read_fifo                            0x080035cb   Thumb Code   360  inv_mpu.o(.text)
    mpu_read_fifo_stream                     0x08003733   Thumb Code   138  inv_mpu.o(.text)
    mpu_set_int_level                        0x080037bd   Thumb Code    10  inv_mpu.o(.text)
    mpu_set_dmp_state                        0x08003ad7   Thumb Code   120  inv_mpu.o(.text)
    mpu_run_self_test                        0x08003b4f   Thumb Code   234  inv_mpu.o(.text)
    mpu_write_mem                            0x08003c39   Thumb Code    80  inv_mpu.o(.text)
    mpu_read_mem                             0x08003c89   Thumb Code    80  inv_mpu.o(.text)
    mpu_load_firmware                        0x08003cd9   Thumb Code   154  inv_mpu.o(.text)
    mpu_get_dmp_state                        0x08003d73   Thumb Code    12  inv_mpu.o(.text)
    setup_compass                            0x08003d7f   Thumb Code     6  inv_mpu.o(.text)
    mpu_get_compass_reg                      0x08003d85   Thumb Code     6  inv_mpu.o(.text)
    mpu_get_compass_fsr                      0x08003d8b   Thumb Code     6  inv_mpu.o(.text)
    mpu_lp_motion_interrupt                  0x08003d91   Thumb Code   432  inv_mpu.o(.text)
    run_self_test                            0x08003f41   Thumb Code   128  inv_mpu.o(.text)
    inv_row_2_scale                          0x08003fc1   Thumb Code    72  inv_mpu.o(.text)
    inv_orientation_matrix_to_scalar         0x08004009   Thumb Code    34  inv_mpu.o(.text)
    mpu_dmp_init                             0x0800402b   Thumb Code   152  inv_mpu.o(.text)
    mpu_dmp_get_data                         0x080040c3   Thumb Code   400  inv_mpu.o(.text)
    dmp_load_motion_driver_firmware          0x0800444d   Thumb Code    16  inv_mpu_dmp_motion_driver.o(.text)
    dmp_set_orientation                      0x0800445d   Thumb Code   246  inv_mpu_dmp_motion_driver.o(.text)
    dmp_set_gyro_bias                        0x08004553   Thumb Code   196  inv_mpu_dmp_motion_driver.o(.text)
    dmp_set_accel_bias                       0x08004617   Thumb Code   206  inv_mpu_dmp_motion_driver.o(.text)
    dmp_set_fifo_rate                        0x080046e5   Thumb Code    82  inv_mpu_dmp_motion_driver.o(.text)
    dmp_get_fifo_rate                        0x08004737   Thumb Code    10  inv_mpu_dmp_motion_driver.o(.text)
    dmp_set_tap_thresh                       0x08004741   Thumb Code   340  inv_mpu_dmp_motion_driver.o(.text)
    dmp_set_tap_axes                         0x08004895   Thumb Code    64  inv_mpu_dmp_motion_driver.o(.text)
    dmp_set_tap_count                        0x080048d5   Thumb Code    34  inv_mpu_dmp_motion_driver.o(.text)
    dmp_set_tap_time                         0x080048f7   Thumb Code    32  inv_mpu_dmp_motion_driver.o(.text)
    dmp_set_tap_time_multi                   0x08004917   Thumb Code    32  inv_mpu_dmp_motion_driver.o(.text)
    dmp_set_shake_reject_thresh              0x08004937   Thumb Code    48  inv_mpu_dmp_motion_driver.o(.text)
    dmp_set_shake_reject_time                0x08004967   Thumb Code    32  inv_mpu_dmp_motion_driver.o(.text)
    dmp_set_shake_reject_timeout             0x08004987   Thumb Code    32  inv_mpu_dmp_motion_driver.o(.text)
    dmp_get_pedometer_step_count             0x080049a7   Thumb Code    56  inv_mpu_dmp_motion_driver.o(.text)
    dmp_set_pedometer_step_count             0x080049df   Thumb Code    38  inv_mpu_dmp_motion_driver.o(.text)
    dmp_get_pedometer_walk_time              0x08004a05   Thumb Code    62  inv_mpu_dmp_motion_driver.o(.text)
    dmp_set_pedometer_walk_time              0x08004a43   Thumb Code    44  inv_mpu_dmp_motion_driver.o(.text)
    dmp_enable_6x_lp_quat                    0x08004a6f   Thumb Code    58  inv_mpu_dmp_motion_driver.o(.text)
    dmp_enable_lp_quat                       0x08004aa9   Thumb Code    58  inv_mpu_dmp_motion_driver.o(.text)
    dmp_enable_gyro_cal                      0x08004ae3   Thumb Code    34  inv_mpu_dmp_motion_driver.o(.text)
    dmp_enable_feature                       0x08004b05   Thumb Code   464  inv_mpu_dmp_motion_driver.o(.text)
    dmp_get_enabled_features                 0x08004cd5   Thumb Code    10  inv_mpu_dmp_motion_driver.o(.text)
    dmp_set_interrupt_mode                   0x08004cdf   Thumb Code    60  inv_mpu_dmp_motion_driver.o(.text)
    dmp_read_fifo                            0x08004d1b   Thumb Code   352  inv_mpu_dmp_motion_driver.o(.text)
    dmp_register_tap_cb                      0x08004e7b   Thumb Code     8  inv_mpu_dmp_motion_driver.o(.text)
    dmp_register_android_orient_cb           0x08004e83   Thumb Code     8  inv_mpu_dmp_motion_driver.o(.text)
    OLED_WR_Byte                             0x08004ec5   Thumb Code   114  oled_spi.o(.text)
    OLED_ColorTurn                           0x08004f37   Thumb Code    20  oled_spi.o(.text)
    OLED_DisplayTurn                         0x08004f4b   Thumb Code    42  oled_spi.o(.text)
    OLED_DisPlay_On                          0x08004f75   Thumb Code    28  oled_spi.o(.text)
    OLED_DisPlay_Off                         0x08004f91   Thumb Code    28  oled_spi.o(.text)
    OLED_Refresh                             0x08004fad   Thumb Code    70  oled_spi.o(.text)
    OLED_Clear                               0x08004ff3   Thumb Code    34  oled_spi.o(.text)
    OLED_DrawPoint                           0x08005015   Thumb Code    40  oled_spi.o(.text)
    OLED_DrawLine                            0x0800503d   Thumb Code   154  oled_spi.o(.text)
    OLED_DrawCircle                          0x080050d7   Thumb Code   200  oled_spi.o(.text)
    OLED_ShowChar                            0x0800519f   Thumb Code   206  oled_spi.o(.text)
    OLED_ShowString                          0x0800526d   Thumb Code    88  oled_spi.o(.text)
    OLED_Pow                                 0x080052c5   Thumb Code    16  oled_spi.o(.text)
    OLED_ShowNum                             0x080052d5   Thumb Code   108  oled_spi.o(.text)
    OLED_ShowChinese                         0x08005341   Thumb Code   188  oled_spi.o(.text)
    OLED_ScrollDisplay                       0x080053fd   Thumb Code   146  oled_spi.o(.text)
    OLED_ShowPicture                         0x0800548f   Thumb Code   152  oled_spi.o(.text)
    OLED_Init                                0x08005527   Thumb Code   370  oled_spi.o(.text)
    OLED_Num_Newline                         0x080056b1   Thumb Code   120  show.o(.text)
    OLED_Num_Next                            0x08005729   Thumb Code   146  show.o(.text)
    OLED_Str_Newline                         0x080057bb   Thumb Code    58  show.o(.text)
    OLED_Str_Next                            0x080057f5   Thumb Code    98  show.o(.text)
    enconder_show                            0x08005857   Thumb Code   174  show.o(.text)
    oled_pow                                 0x08005905   Thumb Code    16  show.o(.text)
    OLED_Showfloat                           0x08005915   Thumb Code   258  show.o(.text)
    OLED_Flo_Next                            0x08005a17   Thumb Code   164  show.o(.text)
    mpu6050_show                             0x08005abb   Thumb Code   290  show.o(.text)
    pid_show                                 0x08005bdd   Thumb Code   386  show.o(.text)
    time_show                                0x08005d5f   Thumb Code    30  show.o(.text)
    OLED_Flo_Newline                         0x08005d7d   Thumb Code   138  show.o(.text)
    OLED_Show_Wave                           0x08005e07   Thumb Code    88  show.o(.text)
    Mpu6050_Send                             0x08005e5f   Thumb Code    44  show.o(.text)
    OLED_Show_Vector                         0x08005e8b   Thumb Code    52  show.o(.text)
    OLED_Rectangle                           0x08005ebf   Thumb Code   218  show.o(.text)
    mpu6050_show_picture                     0x08005f99   Thumb Code   890  show.o(.text)
    STMFLASH_ReadHalfWord                    0x08006341   Thumb Code     4  stmflash.o(.text)
    STMFLASH_Write_NoCheck                   0x08006345   Thumb Code    40  stmflash.o(.text)
    STMFLASH_Read                            0x0800636d   Thumb Code    26  stmflash.o(.text)
    STMFLASH_Write                           0x08006387   Thumb Code   192  stmflash.o(.text)
    Test_Write                               0x08006447   Thumb Code    12  stmflash.o(.text)
    PS2_Init                                 0x08006459   Thumb Code    88  pstwo.o(.text)
    PS2_Cmd                                  0x080064b1   Thumb Code   130  pstwo.o(.text)
    PS2_RedLight                             0x08006533   Thumb Code    48  pstwo.o(.text)
    PS2_ReadData                             0x08006563   Thumb Code   166  pstwo.o(.text)
    PS2_ClearData                            0x08006609   Thumb Code    18  pstwo.o(.text)
    PS2_DataKey                              0x0800661b   Thumb Code    58  pstwo.o(.text)
    PS2_Keyscan                              0x08006655   Thumb Code    38  pstwo.o(.text)
    PS2_Keyscan2                             0x0800667b   Thumb Code    38  pstwo.o(.text)
    PS2_AnologData                           0x080066a1   Thumb Code     6  pstwo.o(.text)
    PS2_Vibration                            0x080066a7   Thumb Code    92  pstwo.o(.text)
    PS2_ShortPoll                            0x08006703   Thumb Code    64  pstwo.o(.text)
    PS2_EnterConfing                         0x08006743   Thumb Code    88  pstwo.o(.text)
    PS2_TurnOnAnalogMode                     0x0800679b   Thumb Code    82  pstwo.o(.text)
    PS2_VibrationMode                        0x080067ed   Thumb Code    64  pstwo.o(.text)
    PS2_ExitConfing                          0x0800682d   Thumb Code   114  pstwo.o(.text)
    PS2_SetInit                              0x0800689f   Thumb Code    32  pstwo.o(.text)
    ADC_DMA_Config                           0x080068c1   Thumb Code   106  bsp_adc.o(.text)
    ADC1_Config                              0x0800692b   Thumb Code   200  bsp_adc.o(.text)
    ADC_Key                                  0x080069f3   Thumb Code   166  bsp_adc.o(.text)
    ReadADCAverageValue                      0x08006a99   Thumb Code    36  bsp_adc.o(.text)
    ADC1_2_IRQHandler                        0x08006abd   Thumb Code    46  bsp_adc.o(.text)
    DMA1_Channel1_IRQHandler                 0x08006aeb   Thumb Code    24  bsp_adc.o(.text)
    Float2Byte                               0x08006b1d   Thumb Code    20  datascope_dp.o(.text)
    DataScope_Get_Channel_Data               0x08006b31   Thumb Code    78  datascope_dp.o(.text)
    DataScope_Data_Generate                  0x08006b7f   Thumb Code   124  datascope_dp.o(.text)
    DataScope_Send                           0x08006bfb   Thumb Code    38  datascope_dp.o(.text)
    cr4_fft_1024_stm32                       0x08006c25   Thumb Code     0  cr4_fft_1024_stm32.o(.text)
    cr4_fft_256_stm32                        0x08007e05   Thumb Code     0  cr4_fft_256_stm32.o(.text)
    InitBufInArray                           0x080083e5   Thumb Code   178  fft.o(.text)
    GetPowerMag                              0x08008497   Thumb Code   154  fft.o(.text)
    fft_1024                                 0x08008531   Thumb Code    46  fft.o(.text)
    fft_256                                  0x0800855f   Thumb Code    44  fft.o(.text)
    Kalman_Filter1                           0x080085b5   Thumb Code   348  filter.o(.text)
    Kalman_Filter2                           0x08008711   Thumb Code   352  filter.o(.text)
    Kalman_Filter3                           0x08008871   Thumb Code   360  filter.o(.text)
    Yijielvbo                                0x080089d9   Thumb Code   102  filter.o(.text)
    Reset_Handler                            0x08008a4d   Thumb Code     8  startup_stm32f10x_md.o(.text)
    CAN1_RX1_IRQHandler                      0x08008a67   Thumb Code     0  startup_stm32f10x_md.o(.text)
    CAN1_SCE_IRQHandler                      0x08008a67   Thumb Code     0  startup_stm32f10x_md.o(.text)
    DMA1_Channel2_IRQHandler                 0x08008a67   Thumb Code     0  startup_stm32f10x_md.o(.text)
    DMA1_Channel3_IRQHandler                 0x08008a67   Thumb Code     0  startup_stm32f10x_md.o(.text)
    DMA1_Channel4_IRQHandler                 0x08008a67   Thumb Code     0  startup_stm32f10x_md.o(.text)
    DMA1_Channel5_IRQHandler                 0x08008a67   Thumb Code     0  startup_stm32f10x_md.o(.text)
    DMA1_Channel6_IRQHandler                 0x08008a67   Thumb Code     0  startup_stm32f10x_md.o(.text)
    DMA1_Channel7_IRQHandler                 0x08008a67   Thumb Code     0  startup_stm32f10x_md.o(.text)
    EXTI0_IRQHandler                         0x08008a67   Thumb Code     0  startup_stm32f10x_md.o(.text)
    EXTI15_10_IRQHandler                     0x08008a67   Thumb Code     0  startup_stm32f10x_md.o(.text)
    EXTI1_IRQHandler                         0x08008a67   Thumb Code     0  startup_stm32f10x_md.o(.text)
    EXTI3_IRQHandler                         0x08008a67   Thumb Code     0  startup_stm32f10x_md.o(.text)
    EXTI4_IRQHandler                         0x08008a67   Thumb Code     0  startup_stm32f10x_md.o(.text)
    EXTI9_5_IRQHandler                       0x08008a67   Thumb Code     0  startup_stm32f10x_md.o(.text)
    FLASH_IRQHandler                         0x08008a67   Thumb Code     0  startup_stm32f10x_md.o(.text)
    I2C1_ER_IRQHandler                       0x08008a67   Thumb Code     0  startup_stm32f10x_md.o(.text)
    I2C1_EV_IRQHandler                       0x08008a67   Thumb Code     0  startup_stm32f10x_md.o(.text)
    I2C2_ER_IRQHandler                       0x08008a67   Thumb Code     0  startup_stm32f10x_md.o(.text)
    I2C2_EV_IRQHandler                       0x08008a67   Thumb Code     0  startup_stm32f10x_md.o(.text)
    PVD_IRQHandler                           0x08008a67   Thumb Code     0  startup_stm32f10x_md.o(.text)
    RCC_IRQHandler                           0x08008a67   Thumb Code     0  startup_stm32f10x_md.o(.text)
    RTCAlarm_IRQHandler                      0x08008a67   Thumb Code     0  startup_stm32f10x_md.o(.text)
    RTC_IRQHandler                           0x08008a67   Thumb Code     0  startup_stm32f10x_md.o(.text)
    SPI1_IRQHandler                          0x08008a67   Thumb Code     0  startup_stm32f10x_md.o(.text)
    SPI2_IRQHandler                          0x08008a67   Thumb Code     0  startup_stm32f10x_md.o(.text)
    TAMPER_IRQHandler                        0x08008a67   Thumb Code     0  startup_stm32f10x_md.o(.text)
    TIM1_BRK_IRQHandler                      0x08008a67   Thumb Code     0  startup_stm32f10x_md.o(.text)
    TIM1_CC_IRQHandler                       0x08008a67   Thumb Code     0  startup_stm32f10x_md.o(.text)
    TIM1_TRG_COM_IRQHandler                  0x08008a67   Thumb Code     0  startup_stm32f10x_md.o(.text)
    TIM2_IRQHandler                          0x08008a67   Thumb Code     0  startup_stm32f10x_md.o(.text)
    USBWakeUp_IRQHandler                     0x08008a67   Thumb Code     0  startup_stm32f10x_md.o(.text)
    USB_HP_CAN1_TX_IRQHandler                0x08008a67   Thumb Code     0  startup_stm32f10x_md.o(.text)
    USB_LP_CAN1_RX0_IRQHandler               0x08008a67   Thumb Code     0  startup_stm32f10x_md.o(.text)
    WWDG_IRQHandler                          0x08008a67   Thumb Code     0  startup_stm32f10x_md.o(.text)
    NVIC_PriorityGroupConfig                 0x08008a71   Thumb Code    10  misc.o(.text)
    NVIC_Init                                0x08008a7b   Thumb Code    94  misc.o(.text)
    NVIC_SetVectorTable                      0x08008ad9   Thumb Code    14  misc.o(.text)
    NVIC_SystemLPConfig                      0x08008ae7   Thumb Code    20  misc.o(.text)
    SysTick_CLKSourceConfig                  0x08008afb   Thumb Code    24  misc.o(.text)
    ADC_DeInit                               0x08008b21   Thumb Code    56  stm32f10x_adc.o(.text)
    ADC_Init                                 0x08008b59   Thumb Code    62  stm32f10x_adc.o(.text)
    ADC_StructInit                           0x08008b97   Thumb Code    18  stm32f10x_adc.o(.text)
    ADC_Cmd                                  0x08008ba9   Thumb Code    20  stm32f10x_adc.o(.text)
    ADC_DMACmd                               0x08008bbd   Thumb Code    20  stm32f10x_adc.o(.text)
    ADC_ITConfig                             0x08008bd1   Thumb Code    18  stm32f10x_adc.o(.text)
    ADC_ResetCalibration                     0x08008be3   Thumb Code    10  stm32f10x_adc.o(.text)
    ADC_GetResetCalibrationStatus            0x08008bed   Thumb Code    14  stm32f10x_adc.o(.text)
    ADC_StartCalibration                     0x08008bfb   Thumb Code    10  stm32f10x_adc.o(.text)
    ADC_GetCalibrationStatus                 0x08008c05   Thumb Code    14  stm32f10x_adc.o(.text)
    ADC_SoftwareStartConvCmd                 0x08008c13   Thumb Code    20  stm32f10x_adc.o(.text)
    ADC_GetSoftwareStartConvStatus           0x08008c27   Thumb Code    14  stm32f10x_adc.o(.text)
    ADC_DiscModeChannelCountConfig           0x08008c35   Thumb Code    16  stm32f10x_adc.o(.text)
    ADC_DiscModeCmd                          0x08008c45   Thumb Code    20  stm32f10x_adc.o(.text)
    ADC_RegularChannelConfig                 0x08008c59   Thumb Code   116  stm32f10x_adc.o(.text)
    ADC_ExternalTrigConvCmd                  0x08008ccd   Thumb Code    20  stm32f10x_adc.o(.text)
    ADC_GetConversionValue                   0x08008ce1   Thumb Code     6  stm32f10x_adc.o(.text)
    ADC_GetDualModeConversionValue           0x08008ce7   Thumb Code     8  stm32f10x_adc.o(.text)
    ADC_AutoInjectedConvCmd                  0x08008cef   Thumb Code    20  stm32f10x_adc.o(.text)
    ADC_InjectedDiscModeCmd                  0x08008d03   Thumb Code    20  stm32f10x_adc.o(.text)
    ADC_ExternalTrigInjectedConvConfig       0x08008d17   Thumb Code    12  stm32f10x_adc.o(.text)
    ADC_ExternalTrigInjectedConvCmd          0x08008d23   Thumb Code    20  stm32f10x_adc.o(.text)
    ADC_SoftwareStartInjectedConvCmd         0x08008d37   Thumb Code    20  stm32f10x_adc.o(.text)
    ADC_GetSoftwareStartInjectedConvCmdStatus 0x08008d4b   Thumb Code    14  stm32f10x_adc.o(.text)
    ADC_InjectedChannelConfig                0x08008d59   Thumb Code    74  stm32f10x_adc.o(.text)
    ADC_InjectedSequencerLengthConfig        0x08008da3   Thumb Code    16  stm32f10x_adc.o(.text)
    ADC_SetInjectedOffset                    0x08008db3   Thumb Code    10  stm32f10x_adc.o(.text)
    ADC_GetInjectedConversionValue           0x08008dbd   Thumb Code    14  stm32f10x_adc.o(.text)
    ADC_AnalogWatchdogCmd                    0x08008dcb   Thumb Code    12  stm32f10x_adc.o(.text)
    ADC_AnalogWatchdogThresholdsConfig       0x08008dd7   Thumb Code     6  stm32f10x_adc.o(.text)
    ADC_AnalogWatchdogSingleChannelConfig    0x08008ddd   Thumb Code    12  stm32f10x_adc.o(.text)
    ADC_TempSensorVrefintCmd                 0x08008de9   Thumb Code    24  stm32f10x_adc.o(.text)
    ADC_GetFlagStatus                        0x08008e01   Thumb Code    14  stm32f10x_adc.o(.text)
    ADC_ClearFlag                            0x08008e0f   Thumb Code     6  stm32f10x_adc.o(.text)
    ADC_GetITStatus                          0x08008e15   Thumb Code    28  stm32f10x_adc.o(.text)
    ADC_ClearITPendingBit                    0x08008e31   Thumb Code     8  stm32f10x_adc.o(.text)
    DMA_DeInit                               0x08008e51   Thumb Code   218  stm32f10x_dma.o(.text)
    DMA_Init                                 0x08008f2b   Thumb Code    58  stm32f10x_dma.o(.text)
    DMA_StructInit                           0x08008f65   Thumb Code    26  stm32f10x_dma.o(.text)
    DMA_Cmd                                  0x08008f7f   Thumb Code    22  stm32f10x_dma.o(.text)
    DMA_ITConfig                             0x08008f95   Thumb Code    16  stm32f10x_dma.o(.text)
    DMA_SetCurrDataCounter                   0x08008fa5   Thumb Code     4  stm32f10x_dma.o(.text)
    DMA_GetCurrDataCounter                   0x08008fa9   Thumb Code     6  stm32f10x_dma.o(.text)
    DMA_GetFlagStatus                        0x08008faf   Thumb Code    28  stm32f10x_dma.o(.text)
    DMA_ClearFlag                            0x08008fcb   Thumb Code    20  stm32f10x_dma.o(.text)
    DMA_GetITStatus                          0x08008fdf   Thumb Code    28  stm32f10x_dma.o(.text)
    DMA_ClearITPendingBit                    0x08008ffb   Thumb Code    20  stm32f10x_dma.o(.text)
    EXTI_DeInit                              0x08009019   Thumb Code    28  stm32f10x_exti.o(.text)
    EXTI_Init                                0x08009035   Thumb Code   108  stm32f10x_exti.o(.text)
    EXTI_StructInit                          0x080090a1   Thumb Code    14  stm32f10x_exti.o(.text)
    EXTI_GenerateSWInterrupt                 0x080090af   Thumb Code    12  stm32f10x_exti.o(.text)
    EXTI_GetFlagStatus                       0x080090bb   Thumb Code    18  stm32f10x_exti.o(.text)
    EXTI_ClearFlag                           0x080090cd   Thumb Code     8  stm32f10x_exti.o(.text)
    EXTI_GetITStatus                         0x080090d5   Thumb Code    28  stm32f10x_exti.o(.text)
    EXTI_ClearITPendingBit                   0x080090f1   Thumb Code     8  stm32f10x_exti.o(.text)
    FLASH_SetLatency                         0x08009101   Thumb Code    14  stm32f10x_flash.o(.text)
    FLASH_HalfCycleAccessCmd                 0x0800910f   Thumb Code    18  stm32f10x_flash.o(.text)
    FLASH_PrefetchBufferCmd                  0x08009121   Thumb Code    18  stm32f10x_flash.o(.text)
    FLASH_Unlock                             0x08009133   Thumb Code    12  stm32f10x_flash.o(.text)
    FLASH_UnlockBank1                        0x0800913f   Thumb Code    12  stm32f10x_flash.o(.text)
    FLASH_Lock                               0x0800914b   Thumb Code    12  stm32f10x_flash.o(.text)
    FLASH_LockBank1                          0x08009157   Thumb Code    12  stm32f10x_flash.o(.text)
    FLASH_GetBank1Status                     0x08009163   Thumb Code    34  stm32f10x_flash.o(.text)
    FLASH_WaitForLastOperation               0x08009185   Thumb Code    36  stm32f10x_flash.o(.text)
    FLASH_ErasePage                          0x080091a9   Thumb Code    56  stm32f10x_flash.o(.text)
    FLASH_EraseAllPages                      0x080091e1   Thumb Code    52  stm32f10x_flash.o(.text)
    FLASH_WaitForLastBank1Operation          0x08009215   Thumb Code    36  stm32f10x_flash.o(.text)
    FLASH_EraseAllBank1Pages                 0x08009239   Thumb Code    52  stm32f10x_flash.o(.text)
    FLASH_GetReadOutProtectionStatus         0x0800926d   Thumb Code    14  stm32f10x_flash.o(.text)
    FLASH_EraseOptionBytes                   0x0800927b   Thumb Code   108  stm32f10x_flash.o(.text)
    FLASH_ProgramWord                        0x080092e7   Thumb Code    72  stm32f10x_flash.o(.text)
    FLASH_ProgramHalfWord                    0x0800932f   Thumb Code    48  stm32f10x_flash.o(.text)
    FLASH_ProgramOptionByteData              0x0800935f   Thumb Code    62  stm32f10x_flash.o(.text)
    FLASH_EnableWriteProtection              0x0800939d   Thumb Code   150  stm32f10x_flash.o(.text)
    FLASH_ReadOutProtection                  0x08009433   Thumb Code   118  stm32f10x_flash.o(.text)
    FLASH_UserOptionByteConfig               0x080094a9   Thumb Code    92  stm32f10x_flash.o(.text)
    FLASH_GetUserOptionByte                  0x08009505   Thumb Code     8  stm32f10x_flash.o(.text)
    FLASH_GetWriteProtectionOptionByte       0x0800950d   Thumb Code     6  stm32f10x_flash.o(.text)
    FLASH_GetPrefetchBufferStatus            0x08009513   Thumb Code    14  stm32f10x_flash.o(.text)
    FLASH_ITConfig                           0x08009521   Thumb Code    18  stm32f10x_flash.o(.text)
    FLASH_GetFlagStatus                      0x08009533   Thumb Code    28  stm32f10x_flash.o(.text)
    FLASH_ClearFlag                          0x0800954f   Thumb Code     6  stm32f10x_flash.o(.text)
    FLASH_GetStatus                          0x08009555   Thumb Code    34  stm32f10x_flash.o(.text)
    GPIO_DeInit                              0x0800957d   Thumb Code   152  stm32f10x_gpio.o(.text)
    GPIO_AFIODeInit                          0x08009615   Thumb Code    22  stm32f10x_gpio.o(.text)
    GPIO_Init                                0x0800962b   Thumb Code   164  stm32f10x_gpio.o(.text)
    GPIO_StructInit                          0x080096cf   Thumb Code    16  stm32f10x_gpio.o(.text)
    GPIO_ReadInputDataBit                    0x080096df   Thumb Code    14  stm32f10x_gpio.o(.text)
    GPIO_ReadInputData                       0x080096ed   Thumb Code     6  stm32f10x_gpio.o(.text)
    GPIO_ReadOutputDataBit                   0x080096f3   Thumb Code    14  stm32f10x_gpio.o(.text)
    GPIO_ReadOutputData                      0x08009701   Thumb Code     6  stm32f10x_gpio.o(.text)
    GPIO_SetBits                             0x08009707   Thumb Code     4  stm32f10x_gpio.o(.text)
    GPIO_ResetBits                           0x0800970b   Thumb Code     4  stm32f10x_gpio.o(.text)
    GPIO_WriteBit                            0x0800970f   Thumb Code    10  stm32f10x_gpio.o(.text)
    GPIO_Write                               0x08009719   Thumb Code     4  stm32f10x_gpio.o(.text)
    GPIO_PinLockConfig                       0x0800971d   Thumb Code    16  stm32f10x_gpio.o(.text)
    GPIO_EventOutputConfig                   0x0800972d   Thumb Code    22  stm32f10x_gpio.o(.text)
    GPIO_EventOutputCmd                      0x08009743   Thumb Code     6  stm32f10x_gpio.o(.text)
    GPIO_PinRemapConfig                      0x08009749   Thumb Code    82  stm32f10x_gpio.o(.text)
    GPIO_EXTILineConfig                      0x0800979b   Thumb Code    34  stm32f10x_gpio.o(.text)
    GPIO_ETH_MediaInterfaceConfig            0x080097bd   Thumb Code     8  stm32f10x_gpio.o(.text)
    RCC_DeInit                               0x080097e9   Thumb Code    50  stm32f10x_rcc.o(.text)
    RCC_HSEConfig                            0x0800981b   Thumb Code    48  stm32f10x_rcc.o(.text)
    RCC_GetFlagStatus                        0x0800984b   Thumb Code    42  stm32f10x_rcc.o(.text)
    RCC_WaitForHSEStartUp                    0x08009875   Thumb Code    44  stm32f10x_rcc.o(.text)
    RCC_AdjustHSICalibrationValue            0x080098a1   Thumb Code    16  stm32f10x_rcc.o(.text)
    RCC_HSICmd                               0x080098b1   Thumb Code     6  stm32f10x_rcc.o(.text)
    RCC_PLLConfig                            0x080098b7   Thumb Code    16  stm32f10x_rcc.o(.text)
    RCC_PLLCmd                               0x080098c7   Thumb Code     6  stm32f10x_rcc.o(.text)
    RCC_SYSCLKConfig                         0x080098cd   Thumb Code    14  stm32f10x_rcc.o(.text)
    RCC_GetSYSCLKSource                      0x080098db   Thumb Code    10  stm32f10x_rcc.o(.text)
    RCC_HCLKConfig                           0x080098e5   Thumb Code    14  stm32f10x_rcc.o(.text)
    RCC_PCLK1Config                          0x080098f3   Thumb Code    14  stm32f10x_rcc.o(.text)
    RCC_PCLK2Config                          0x08009901   Thumb Code    16  stm32f10x_rcc.o(.text)
    RCC_ITConfig                             0x08009911   Thumb Code    18  stm32f10x_rcc.o(.text)
    RCC_USBCLKConfig                         0x08009923   Thumb Code     8  stm32f10x_rcc.o(.text)
    RCC_ADCCLKConfig                         0x0800992b   Thumb Code    14  stm32f10x_rcc.o(.text)
    RCC_LSEConfig                            0x08009939   Thumb Code    28  stm32f10x_rcc.o(.text)
    RCC_LSICmd                               0x08009955   Thumb Code     6  stm32f10x_rcc.o(.text)
    RCC_RTCCLKConfig                         0x0800995b   Thumb Code    10  stm32f10x_rcc.o(.text)
    RCC_RTCCLKCmd                            0x08009965   Thumb Code     8  stm32f10x_rcc.o(.text)
    RCC_GetClocksFreq                        0x0800996d   Thumb Code   128  stm32f10x_rcc.o(.text)
    RCC_AHBPeriphClockCmd                    0x080099ed   Thumb Code    18  stm32f10x_rcc.o(.text)
    RCC_APB2PeriphClockCmd                   0x080099ff   Thumb Code    18  stm32f10x_rcc.o(.text)
    RCC_APB1PeriphClockCmd                   0x08009a11   Thumb Code    18  stm32f10x_rcc.o(.text)
    RCC_APB2PeriphResetCmd                   0x08009a23   Thumb Code    18  stm32f10x_rcc.o(.text)
    RCC_APB1PeriphResetCmd                   0x08009a35   Thumb Code    18  stm32f10x_rcc.o(.text)
    RCC_BackupResetCmd                       0x08009a47   Thumb Code     8  stm32f10x_rcc.o(.text)
    RCC_ClockSecuritySystemCmd               0x08009a4f   Thumb Code     6  stm32f10x_rcc.o(.text)
    RCC_MCOConfig                            0x08009a55   Thumb Code     6  stm32f10x_rcc.o(.text)
    RCC_ClearFlag                            0x08009a5b   Thumb Code    12  stm32f10x_rcc.o(.text)
    RCC_GetITStatus                          0x08009a67   Thumb Code    16  stm32f10x_rcc.o(.text)
    RCC_ClearITPendingBit                    0x08009a77   Thumb Code     6  stm32f10x_rcc.o(.text)
    TIM_DeInit                               0x08009a9d   Thumb Code   304  stm32f10x_tim.o(.text)
    TIM_TimeBaseInit                         0x08009bcd   Thumb Code   114  stm32f10x_tim.o(.text)
    TIM_OC1Init                              0x08009c3f   Thumb Code   106  stm32f10x_tim.o(.text)
    TIM_OC2Init                              0x08009ca9   Thumb Code   120  stm32f10x_tim.o(.text)
    TIM_OC3Init                              0x08009d21   Thumb Code   116  stm32f10x_tim.o(.text)
    TIM_OC4Init                              0x08009d95   Thumb Code    90  stm32f10x_tim.o(.text)
    TIM_SetIC4Prescaler                      0x08009def   Thumb Code    24  stm32f10x_tim.o(.text)
    TIM_SetIC3Prescaler                      0x08009e07   Thumb Code    16  stm32f10x_tim.o(.text)
    TIM_SetIC2Prescaler                      0x08009e17   Thumb Code    24  stm32f10x_tim.o(.text)
    TIM_SetIC1Prescaler                      0x08009ed5   Thumb Code    16  stm32f10x_tim.o(.text)
    TIM_ICInit                               0x08009f3d   Thumb Code   272  stm32f10x_tim.o(.text)
    TIM_PWMIConfig                           0x0800a04d   Thumb Code   104  stm32f10x_tim.o(.text)
    TIM_BDTRConfig                           0x0800a0b5   Thumb Code    34  stm32f10x_tim.o(.text)
    TIM_TimeBaseStructInit                   0x0800a0d7   Thumb Code    18  stm32f10x_tim.o(.text)
    TIM_OCStructInit                         0x0800a0e9   Thumb Code    20  stm32f10x_tim.o(.text)
    TIM_ICStructInit                         0x0800a0fd   Thumb Code    16  stm32f10x_tim.o(.text)
    TIM_BDTRStructInit                       0x0800a10d   Thumb Code    18  stm32f10x_tim.o(.text)
    TIM_Cmd                                  0x0800a11f   Thumb Code    20  stm32f10x_tim.o(.text)
    TIM_CtrlPWMOutputs                       0x0800a133   Thumb Code    22  stm32f10x_tim.o(.text)
    TIM_ITConfig                             0x0800a149   Thumb Code    16  stm32f10x_tim.o(.text)
    TIM_GenerateEvent                        0x0800a159   Thumb Code     4  stm32f10x_tim.o(.text)
    TIM_DMAConfig                            0x0800a15d   Thumb Code     8  stm32f10x_tim.o(.text)
    TIM_DMACmd                               0x0800a165   Thumb Code    16  stm32f10x_tim.o(.text)
    TIM_InternalClockConfig                  0x0800a175   Thumb Code    10  stm32f10x_tim.o(.text)
    TIM_SelectInputTrigger                   0x0800a17f   Thumb Code    12  stm32f10x_tim.o(.text)
    TIM_ITRxExternalClockConfig              0x0800a18b   Thumb Code    18  stm32f10x_tim.o(.text)
    TIM_TIxExternalClockConfig               0x0800a19d   Thumb Code    46  stm32f10x_tim.o(.text)
    TIM_ETRConfig                            0x0800a1cb   Thumb Code    24  stm32f10x_tim.o(.text)
    TIM_ETRClockMode1Config                  0x0800a1e3   Thumb Code    18  stm32f10x_tim.o(.text)
    TIM_ETRClockMode2Config                  0x0800a1f5   Thumb Code    18  stm32f10x_tim.o(.text)
    TIM_PrescalerConfig                      0x0800a207   Thumb Code     6  stm32f10x_tim.o(.text)
    TIM_CounterModeConfig                    0x0800a20d   Thumb Code    12  stm32f10x_tim.o(.text)
    TIM_EncoderInterfaceConfig               0x0800a219   Thumb Code    50  stm32f10x_tim.o(.text)
    TIM_ForcedOC1Config                      0x0800a24b   Thumb Code    12  stm32f10x_tim.o(.text)
    TIM_ForcedOC2Config                      0x0800a257   Thumb Code    20  stm32f10x_tim.o(.text)
    TIM_ForcedOC3Config                      0x0800a26b   Thumb Code    12  stm32f10x_tim.o(.text)
    TIM_ForcedOC4Config                      0x0800a277   Thumb Code    20  stm32f10x_tim.o(.text)
    TIM_ARRPreloadConfig                     0x0800a28b   Thumb Code    20  stm32f10x_tim.o(.text)
    TIM_SelectCOM                            0x0800a29f   Thumb Code    20  stm32f10x_tim.o(.text)
    TIM_SelectCCDMA                          0x0800a2b3   Thumb Code    20  stm32f10x_tim.o(.text)
    TIM_CCPreloadControl                     0x0800a2c7   Thumb Code    20  stm32f10x_tim.o(.text)
    TIM_OC1PreloadConfig                     0x0800a2db   Thumb Code    34  stm32f10x_tim.o(.text)
    TIM_OC2PreloadConfig                     0x0800a2fd   Thumb Code    20  stm32f10x_tim.o(.text)
    TIM_OC3PreloadConfig                     0x0800a311   Thumb Code    12  stm32f10x_tim.o(.text)
    TIM_OC4PreloadConfig                     0x0800a31d   Thumb Code    20  stm32f10x_tim.o(.text)
    TIM_OC1FastConfig                        0x0800a331   Thumb Code    12  stm32f10x_tim.o(.text)
    TIM_OC2FastConfig                        0x0800a33d   Thumb Code    20  stm32f10x_tim.o(.text)
    TIM_OC3FastConfig                        0x0800a351   Thumb Code    12  stm32f10x_tim.o(.text)
    TIM_OC4FastConfig                        0x0800a35d   Thumb Code    20  stm32f10x_tim.o(.text)
    TIM_ClearOC1Ref                          0x0800a371   Thumb Code    12  stm32f10x_tim.o(.text)
    TIM_ClearOC2Ref                          0x0800a37d   Thumb Code    20  stm32f10x_tim.o(.text)
    TIM_ClearOC3Ref                          0x0800a391   Thumb Code    12  stm32f10x_tim.o(.text)
    TIM_ClearOC4Ref                          0x0800a39d   Thumb Code    20  stm32f10x_tim.o(.text)
    TIM_OC1PolarityConfig                    0x0800a3b1   Thumb Code    12  stm32f10x_tim.o(.text)
    TIM_OC1NPolarityConfig                   0x0800a3bd   Thumb Code    12  stm32f10x_tim.o(.text)
    TIM_OC2PolarityConfig                    0x0800a3c9   Thumb Code    20  stm32f10x_tim.o(.text)
    TIM_OC2NPolarityConfig                   0x0800a3dd   Thumb Code    20  stm32f10x_tim.o(.text)
    TIM_OC3PolarityConfig                    0x0800a3f1   Thumb Code    20  stm32f10x_tim.o(.text)
    TIM_OC3NPolarityConfig                   0x0800a405   Thumb Code    20  stm32f10x_tim.o(.text)
    TIM_OC4PolarityConfig                    0x0800a419   Thumb Code    20  stm32f10x_tim.o(.text)
    TIM_CCxCmd                               0x0800a42d   Thumb Code    22  stm32f10x_tim.o(.text)
    TIM_CCxNCmd                              0x0800a443   Thumb Code    22  stm32f10x_tim.o(.text)
    TIM_SelectOCxM                           0x0800a459   Thumb Code    70  stm32f10x_tim.o(.text)
    TIM_UpdateDisableConfig                  0x0800a49f   Thumb Code    20  stm32f10x_tim.o(.text)
    TIM_UpdateRequestConfig                  0x0800a4b3   Thumb Code    20  stm32f10x_tim.o(.text)
    TIM_SelectHallSensor                     0x0800a4c7   Thumb Code    20  stm32f10x_tim.o(.text)
    TIM_SelectOnePulseMode                   0x0800a4db   Thumb Code    16  stm32f10x_tim.o(.text)
    TIM_SelectOutputTrigger                  0x0800a4eb   Thumb Code    16  stm32f10x_tim.o(.text)
    TIM_SelectSlaveMode                      0x0800a4fb   Thumb Code    16  stm32f10x_tim.o(.text)
    TIM_SelectMasterSlaveMode                0x0800a50b   Thumb Code    16  stm32f10x_tim.o(.text)
    TIM_SetCounter                           0x0800a51b   Thumb Code     4  stm32f10x_tim.o(.text)
    TIM_SetAutoreload                        0x0800a51f   Thumb Code     4  stm32f10x_tim.o(.text)
    TIM_SetCompare1                          0x0800a523   Thumb Code     4  stm32f10x_tim.o(.text)
    TIM_SetCompare2                          0x0800a527   Thumb Code     4  stm32f10x_tim.o(.text)
    TIM_SetCompare3                          0x0800a52b   Thumb Code     4  stm32f10x_tim.o(.text)
    TIM_SetCompare4                          0x0800a52f   Thumb Code     6  stm32f10x_tim.o(.text)
    TIM_SetClockDivision                     0x0800a535   Thumb Code    16  stm32f10x_tim.o(.text)
    TIM_GetCapture1                          0x0800a545   Thumb Code     4  stm32f10x_tim.o(.text)
    TIM_GetCapture2                          0x0800a549   Thumb Code     4  stm32f10x_tim.o(.text)
    TIM_GetCapture3                          0x0800a54d   Thumb Code     4  stm32f10x_tim.o(.text)
    TIM_GetCapture4                          0x0800a551   Thumb Code     6  stm32f10x_tim.o(.text)
    TIM_GetCounter                           0x0800a557   Thumb Code     4  stm32f10x_tim.o(.text)
    TIM_GetPrescaler                         0x0800a55b   Thumb Code     4  stm32f10x_tim.o(.text)
    TIM_GetFlagStatus                        0x0800a55f   Thumb Code    14  stm32f10x_tim.o(.text)
    TIM_ClearFlag                            0x0800a56d   Thumb Code     6  stm32f10x_tim.o(.text)
    TIM_GetITStatus                          0x0800a573   Thumb Code    24  stm32f10x_tim.o(.text)
    TIM_ClearITPendingBit                    0x0800a58b   Thumb Code     6  stm32f10x_tim.o(.text)
    USART_DeInit                             0x0800a591   Thumb Code    96  stm32f10x_usart.o(.text)
    USART_Init                               0x0800a5f1   Thumb Code   166  stm32f10x_usart.o(.text)
    USART_StructInit                         0x0800a697   Thumb Code    22  stm32f10x_usart.o(.text)
    USART_ClockInit                          0x0800a6ad   Thumb Code    30  stm32f10x_usart.o(.text)
    USART_ClockStructInit                    0x0800a6cb   Thumb Code    12  stm32f10x_usart.o(.text)
    USART_Cmd                                0x0800a6d7   Thumb Code    20  stm32f10x_usart.o(.text)
    USART_ITConfig                           0x0800a6eb   Thumb Code    48  stm32f10x_usart.o(.text)
    USART_DMACmd                             0x0800a71b   Thumb Code    16  stm32f10x_usart.o(.text)
    USART_SetAddress                         0x0800a72b   Thumb Code    16  stm32f10x_usart.o(.text)
    USART_WakeUpConfig                       0x0800a73b   Thumb Code    16  stm32f10x_usart.o(.text)
    USART_ReceiverWakeUpCmd                  0x0800a74b   Thumb Code    20  stm32f10x_usart.o(.text)
    USART_LINBreakDetectLengthConfig         0x0800a75f   Thumb Code    16  stm32f10x_usart.o(.text)
    USART_LINCmd                             0x0800a76f   Thumb Code    20  stm32f10x_usart.o(.text)
    USART_SendData                           0x0800a783   Thumb Code     8  stm32f10x_usart.o(.text)
    USART_ReceiveData                        0x0800a78b   Thumb Code     8  stm32f10x_usart.o(.text)
    USART_SendBreak                          0x0800a793   Thumb Code    10  stm32f10x_usart.o(.text)
    USART_SetGuardTime                       0x0800a79d   Thumb Code    16  stm32f10x_usart.o(.text)
    USART_SetPrescaler                       0x0800a7ad   Thumb Code    16  stm32f10x_usart.o(.text)
    USART_SmartCardCmd                       0x0800a7bd   Thumb Code    20  stm32f10x_usart.o(.text)
    USART_SmartCardNACKCmd                   0x0800a7d1   Thumb Code    20  stm32f10x_usart.o(.text)
    USART_HalfDuplexCmd                      0x0800a7e5   Thumb Code    20  stm32f10x_usart.o(.text)
    USART_OverSampling8Cmd                   0x0800a7f9   Thumb Code    20  stm32f10x_usart.o(.text)
    USART_OneBitMethodCmd                    0x0800a80d   Thumb Code    20  stm32f10x_usart.o(.text)
    USART_IrDAConfig                         0x0800a821   Thumb Code    16  stm32f10x_usart.o(.text)
    USART_IrDACmd                            0x0800a831   Thumb Code    20  stm32f10x_usart.o(.text)
    USART_GetFlagStatus                      0x0800a845   Thumb Code    14  stm32f10x_usart.o(.text)
    USART_ClearFlag                          0x0800a853   Thumb Code     6  stm32f10x_usart.o(.text)
    USART_GetITStatus                        0x0800a859   Thumb Code    62  stm32f10x_usart.o(.text)
    USART_ClearITPendingBit                  0x0800a897   Thumb Code    12  stm32f10x_usart.o(.text)
    __aeabi_ldivmod                          0x0800a8b9   Thumb Code    98  ldiv.o(.text)
    __aeabi_memset                           0x0800a91b   Thumb Code    14  memseta.o(.text)
    __aeabi_memset4                          0x0800a91b   Thumb Code     0  memseta.o(.text)
    __aeabi_memset8                          0x0800a91b   Thumb Code     0  memseta.o(.text)
    __aeabi_memclr                           0x0800a929   Thumb Code     4  memseta.o(.text)
    __aeabi_memclr4                          0x0800a929   Thumb Code     0  memseta.o(.text)
    __aeabi_memclr8                          0x0800a929   Thumb Code     0  memseta.o(.text)
    _memset$wrapper                          0x0800a92d   Thumb Code    18  memseta.o(.text)
    strlen                                   0x0800a93f   Thumb Code    14  strlen.o(.text)
    memcmp                                   0x0800a94d   Thumb Code    26  memcmp.o(.text)
    strcpy                                   0x0800a967   Thumb Code    18  strcpy.o(.text)
    atoi                                     0x0800a979   Thumb Code    26  atoi.o(.text)
    __aeabi_fadd                             0x0800a993   Thumb Code   164  fadd.o(.text)
    __aeabi_fsub                             0x0800aa37   Thumb Code     6  fadd.o(.text)
    __aeabi_frsub                            0x0800aa3d   Thumb Code     6  fadd.o(.text)
    __aeabi_fmul                             0x0800aa43   Thumb Code   100  fmul.o(.text)
    __aeabi_fdiv                             0x0800aaa7   Thumb Code   124  fdiv.o(.text)
    __ARM_scalbnf                            0x0800ab23   Thumb Code    24  fscalb.o(.text)
    scalbnf                                  0x0800ab23   Thumb Code     0  fscalb.o(.text)
    __aeabi_dadd                             0x0800ab3b   Thumb Code   322  dadd.o(.text)
    __aeabi_dsub                             0x0800ac7d   Thumb Code     6  dadd.o(.text)
    __aeabi_drsub                            0x0800ac83   Thumb Code     6  dadd.o(.text)
    __aeabi_dmul                             0x0800ac89   Thumb Code   228  dmul.o(.text)
    __aeabi_ddiv                             0x0800ad6d   Thumb Code   222  ddiv.o(.text)
    __ARM_scalbn                             0x0800ae4b   Thumb Code    46  dscalb.o(.text)
    scalbn                                   0x0800ae4b   Thumb Code     0  dscalb.o(.text)
    __aeabi_i2f                              0x0800ae79   Thumb Code    18  fflti.o(.text)
    __aeabi_ui2f                             0x0800ae8b   Thumb Code    10  ffltui.o(.text)
    __aeabi_i2d                              0x0800ae95   Thumb Code    34  dflti.o(.text)
    __aeabi_ui2d                             0x0800aeb7   Thumb Code    26  dfltui.o(.text)
    __aeabi_f2iz                             0x0800aed1   Thumb Code    50  ffixi.o(.text)
    __aeabi_f2uiz                            0x0800af03   Thumb Code    40  ffixui.o(.text)
    __aeabi_d2uiz                            0x0800af2b   Thumb Code    50  dfixui.o(.text)
    __aeabi_f2d                              0x0800af5d   Thumb Code    38  f2d.o(.text)
    __aeabi_d2f                              0x0800af83   Thumb Code    56  d2f.o(.text)
    __aeabi_cfrcmple                         0x0800afbd   Thumb Code    20  cfrcmple.o(.text)
    __aeabi_uidiv                            0x0800afd1   Thumb Code     0  uidiv.o(.text)
    __aeabi_uidivmod                         0x0800afd1   Thumb Code    44  uidiv.o(.text)
    __aeabi_uldivmod                         0x0800affd   Thumb Code    98  uldiv.o(.text)
    __aeabi_llsl                             0x0800b05f   Thumb Code    30  llshl.o(.text)
    _ll_shift_l                              0x0800b05f   Thumb Code     0  llshl.o(.text)
    __aeabi_llsr                             0x0800b07d   Thumb Code    32  llushr.o(.text)
    _ll_ushift_r                             0x0800b07d   Thumb Code     0  llushr.o(.text)
    __aeabi_lasr                             0x0800b09d   Thumb Code    36  llsshr.o(.text)
    _ll_sshift_r                             0x0800b09d   Thumb Code     0  llsshr.o(.text)
    strtol                                   0x0800b0c1   Thumb Code   112  strtol.o(.text)
    __I$use$fp                               0x0800b131   Thumb Code     0  iusefp.o(.text)
    _float_round                             0x0800b131   Thumb Code    18  fepilogue.o(.text)
    _float_epilogue                          0x0800b143   Thumb Code    92  fepilogue.o(.text)
    _double_round                            0x0800b19f   Thumb Code    30  depilogue.o(.text)
    _double_epilogue                         0x0800b1bd   Thumb Code   156  depilogue.o(.text)
    _dsqrt                                   0x0800b259   Thumb Code   162  dsqrt.o(.text)
    __aeabi_d2ulz                            0x0800b2fb   Thumb Code    48  dfixul.o(.text)
    __aeabi_cdcmpeq                          0x0800b32d   Thumb Code     0  cdcmple.o(.text)
    __aeabi_cdcmple                          0x0800b32d   Thumb Code    48  cdcmple.o(.text)
    __aeabi_cdrcmple                         0x0800b35d   Thumb Code    48  cdrcmple.o(.text)
    __scatterload                            0x0800b38d   Thumb Code    28  init.o(.text)
    __scatterload_rt2                        0x0800b38d   Thumb Code     0  init.o(.text)
    __rt_ctype_table                         0x0800b3b1   Thumb Code     4  ctype_o.o(.text)
    _strtoul                                 0x0800b3b9   Thumb Code   158  _strtoul.o(.text)
    __aeabi_d2iz                             0x0800b457   Thumb Code    62  dfixi.o(.text)
    _chval                                   0x0800b495   Thumb Code    28  _chval.o(.text)
    __decompress                             0x0800b4b1   Thumb Code     0  __dczerorl2.o(.text)
    __decompress1                            0x0800b4b1   Thumb Code    86  __dczerorl2.o(.text)
    __0printf                                0x0800b509   Thumb Code    22  printfa.o(i.__0printf)
    __1printf                                0x0800b509   Thumb Code     0  printfa.o(i.__0printf)
    __2printf                                0x0800b509   Thumb Code     0  printfa.o(i.__0printf)
    __c89printf                              0x0800b509   Thumb Code     0  printfa.o(i.__0printf)
    printf                                   0x0800b509   Thumb Code     0  printfa.o(i.__0printf)
    __ARM_fpclassify                         0x0800b529   Thumb Code    40  fpclassify.o(i.__ARM_fpclassify)
    __aeabi_errno_addr                       0x0800b551   Thumb Code     4  errno.o(i.__aeabi_errno_addr)
    __rt_errno_addr                          0x0800b551   Thumb Code     0  errno.o(i.__aeabi_errno_addr)
    __ieee754_rem_pio2                       0x0800b559   Thumb Code   828  rred.o(i.__ieee754_rem_pio2)
    __kernel_cos                             0x0800b8e1   Thumb Code   230  cos_i.o(i.__kernel_cos)
    __kernel_poly                            0x0800b9dd   Thumb Code   170  poly.o(i.__kernel_poly)
    __kernel_sin                             0x0800ba89   Thumb Code   224  sin_i.o(i.__kernel_sin)
    __mathlib_dbl_infnan                     0x0800bb75   Thumb Code     6  dunder.o(i.__mathlib_dbl_infnan)
    __mathlib_dbl_infnan2                    0x0800bb7b   Thumb Code     4  dunder.o(i.__mathlib_dbl_infnan2)
    __mathlib_dbl_invalid                    0x0800bb7f   Thumb Code    12  dunder.o(i.__mathlib_dbl_invalid)
    __mathlib_dbl_underflow                  0x0800bb8d   Thumb Code    10  dunder.o(i.__mathlib_dbl_underflow)
    __scatterload_copy                       0x0800bb9d   Thumb Code    14  handlers.o(i.__scatterload_copy)
    __scatterload_null                       0x0800bbab   Thumb Code     2  handlers.o(i.__scatterload_null)
    __scatterload_zeroinit                   0x0800bbad   Thumb Code    14  handlers.o(i.__scatterload_zeroinit)
    __set_errno                              0x0800bbbd   Thumb Code     6  errno.o(i.__set_errno)
    asin                                     0x0800c455   Thumb Code   572  asin.o(i.asin)
    atan                                     0x0800c6c5   Thumb Code   474  atan.o(i.atan)
    atan2                                    0x0800c8e5   Thumb Code   374  atan2.o(i.atan2)
    cos                                      0x0800ca81   Thumb Code   148  cos.o(i.cos)
    sin                                      0x0800cb1d   Thumb Code   150  sin.o(i.sin)
    sqrt                                     0x0800cbbd   Thumb Code    76  sqrt.o(i.sqrt)
    reg                                      0x0800cc08   Data          27  inv_mpu.o(.constdata)
    hw                                       0x0800cc24   Data          12  inv_mpu.o(.constdata)
    test                                     0x0800cc30   Data          40  inv_mpu.o(.constdata)
    asc2_0806                                0x0800d84e   Data         552  oled_spi.o(.constdata)
    asc2_1206                                0x0800da76   Data        1140  oled_spi.o(.constdata)
    asc2_1608                                0x0800deea   Data        1520  oled_spi.o(.constdata)
    asc2_2412                                0x0800e4da   Data        3420  oled_spi.o(.constdata)
    Hzk1                                     0x0800f236   Data         352  oled_spi.o(.constdata)
    Hzk2                                     0x0800f396   Data          72  oled_spi.o(.constdata)
    Hzk3                                     0x0800f3de   Data         128  oled_spi.o(.constdata)
    Hzk4                                     0x0800f45e   Data         512  oled_spi.o(.constdata)
    __mathlib_zero                           0x0800f778   Data           8  qnan.o(.constdata)
    __ctype_table                            0x0800f870   Data         129  ctype_o.o(.constdata)
    Region$$Table$$Base                      0x0800f948   Number         0  anon$$obj.o(Region$$Table)
    Region$$Table$$Limit                     0x0800f968   Number         0  anon$$obj.o(Region$$Table)
    Moto1                                    0x20000000   Data           4  main.o(.data)
    Moto2                                    0x20000004   Data           4  main.o(.data)
    flag_UltrasonicWave                      0x20000008   Data           1  main.o(.data)
    key                                      0x2000000c   Data           1  main.o(.data)
    time_count                               0x2000000d   Data           1  main.o(.data)
    key_bsp                                  0x2000000e   Data           1  main.o(.data)
    PS2_KEY                                  0x2000000f   Data           1  main.o(.data)
    shuzi_change                             0x20000010   Data           1  main.o(.data)
    Is_Save                                  0x20000011   Data           1  main.o(.data)
    Is_Save_last                             0x20000012   Data           1  main.o(.data)
    time                                     0x20000014   Data           4  main.o(.data)
    balance_UP_KP                            0x20000018   Data           4  main.o(.data)
    balance_UP_KD                            0x2000001c   Data           4  main.o(.data)
    velocity_KP                              0x20000020   Data           4  main.o(.data)
    velocity_KI                              0x20000024   Data           4  main.o(.data)
    velocity_KP_Inc                          0x20000028   Data           4  main.o(.data)
    velocity_KI_Inc                          0x2000002c   Data           4  main.o(.data)
    balance_UP_KD_Inc                        0x20000030   Data           4  main.o(.data)
    balance_UP_KP_Inc                        0x20000034   Data           4  main.o(.data)
    count_ms                                 0x20000038   Data           4  main.o(.data)
    program                                  0x2000003c   Data           4  main.o(.data)
    program_last                             0x20000040   Data           4  main.o(.data)
    program1                                 0x20000044   Data           4  main.o(.data)
    program1_last                            0x20000048   Data           4  main.o(.data)
    x_caidan                                 0x2000004c   Data           4  main.o(.data)
    y_caidan                                 0x20000050   Data           4  main.o(.data)
    k                                        0x20000054   Data           4  main.o(.data)
    index                                    0x20000058   Data           4  main.o(.data)
    pitch                                    0x2000005c   Data           4  main.o(.data)
    roll                                     0x20000060   Data           4  main.o(.data)
    yaw                                      0x20000064   Data           4  main.o(.data)
    mode                                     0x20000068   Data           8  main.o(.data)
    Position_Zero                            0x20000070   Data           4  main.o(.data)
    ZHONGZHI                                 0x20000074   Data           4  main.o(.data)
    Balance_KP                               0x20000078   Data           4  main.o(.data)
    Balance_KD                               0x2000007c   Data           4  main.o(.data)
    Position_KP                              0x20000080   Data           4  main.o(.data)
    Position_KD                              0x20000084   Data           4  main.o(.data)
    aacx                                     0x20000088   Data           2  main.o(.data)
    aacy                                     0x2000008a   Data           2  main.o(.data)
    aacz                                     0x2000008c   Data           2  main.o(.data)
    gyrox                                    0x2000008e   Data           2  main.o(.data)
    gyroy                                    0x20000090   Data           2  main.o(.data)
    gyroz                                    0x20000092   Data           2  main.o(.data)
    UltrasonicWave_Distance                  0x20000094   Data           4  main.o(.data)
    enconder_left                            0x20000098   Data           4  main.o(.data)
    enconder_right                           0x2000009c   Data           4  main.o(.data)
    all                                      0x200000a0   Data           4  main.o(.data)
    Flag_Qian                                0x200000a4   Data           4  main.o(.data)
    Flag_Hou                                 0x200000a8   Data           4  main.o(.data)
    Flag_Left                                0x200000ac   Data           4  main.o(.data)
    Flag_Right                               0x200000b0   Data           4  main.o(.data)
    SystemCoreClock                          0x200000b4   Data           4  system_stm32f10x.o(.data)
    AHBPrescTable                            0x200000b8   Data          16  system_stm32f10x.o(.data)
    USART1_RX_STA                            0x200000cc   Data           2  usart.o(.data)
    USART2_RX_STA                            0x200000ce   Data           2  usart.o(.data)
    USART3_RX_STA                            0x200000d0   Data           2  usart.o(.data)
    USART4_RX_STA                            0x200000d2   Data           2  usart.o(.data)
    USART5_RX_STA                            0x200000d4   Data           2  usart.o(.data)
    __stdout                                 0x200000d8   Data           4  usart.o(.data)
    Comd                                     0x2000015e   Data           2  pstwo.o(.data)
    Handkey                                  0x20000160   Data           2  pstwo.o(.data)
    MASK                                     0x20000162   Data          32  pstwo.o(.data)
    C_0                                      0x20000184   Data           1  filter.o(.data)
    C_02                                     0x20000185   Data           1  filter.o(.data)
    C_03                                     0x20000186   Data           1  filter.o(.data)
    K1                                       0x20000188   Data           4  filter.o(.data)
    Q_angle                                  0x2000018c   Data           4  filter.o(.data)
    Q_gyro                                   0x20000190   Data           4  filter.o(.data)
    R_angle                                  0x20000194   Data           4  filter.o(.data)
    dt                                       0x20000198   Data           4  filter.o(.data)
    Q_angle2                                 0x2000019c   Data           4  filter.o(.data)
    Q_gyro2                                  0x200001a0   Data           4  filter.o(.data)
    R_angle2                                 0x200001a4   Data           4  filter.o(.data)
    dt2                                      0x200001a8   Data           4  filter.o(.data)
    Q_angle3                                 0x200001ac   Data           4  filter.o(.data)
    Q_gyro3                                  0x200001b0   Data           4  filter.o(.data)
    R_angle3                                 0x200001b4   Data           4  filter.o(.data)
    dt3                                      0x200001b8   Data           4  filter.o(.data)
    angle1                                   0x200001bc   Data           4  filter.o(.data)
    angle_dot1                               0x200001c0   Data           4  filter.o(.data)
    Q_bias                                   0x200001c4   Data           4  filter.o(.data)
    Angle_err                                0x200001c8   Data           4  filter.o(.data)
    PCt_0                                    0x200001cc   Data           4  filter.o(.data)
    PCt_1                                    0x200001d0   Data           4  filter.o(.data)
    E                                        0x200001d4   Data           4  filter.o(.data)
    K_0                                      0x200001d8   Data           4  filter.o(.data)
    K_1                                      0x200001dc   Data           4  filter.o(.data)
    t_0                                      0x200001e0   Data           4  filter.o(.data)
    t_1                                      0x200001e4   Data           4  filter.o(.data)
    angle2                                   0x200001e8   Data           4  filter.o(.data)
    angle_dot2                               0x200001ec   Data           4  filter.o(.data)
    Q_bias2                                  0x200001f0   Data           4  filter.o(.data)
    Angle_err2                               0x200001f4   Data           4  filter.o(.data)
    PCt_02                                   0x200001f8   Data           4  filter.o(.data)
    PCt_12                                   0x200001fc   Data           4  filter.o(.data)
    E2                                       0x20000200   Data           4  filter.o(.data)
    K_02                                     0x20000204   Data           4  filter.o(.data)
    K_12                                     0x20000208   Data           4  filter.o(.data)
    t_02                                     0x2000020c   Data           4  filter.o(.data)
    t_12                                     0x20000210   Data           4  filter.o(.data)
    angle3                                   0x20000214   Data           4  filter.o(.data)
    angle_dot3                               0x20000218   Data           4  filter.o(.data)
    Q_bias3                                  0x2000021c   Data           4  filter.o(.data)
    Angle_err3                               0x20000220   Data           4  filter.o(.data)
    PCt_03                                   0x20000224   Data           4  filter.o(.data)
    PCt_13                                   0x20000228   Data           4  filter.o(.data)
    E3                                       0x2000022c   Data           4  filter.o(.data)
    K_03                                     0x20000230   Data           4  filter.o(.data)
    K_13                                     0x20000234   Data           4  filter.o(.data)
    t_03                                     0x20000238   Data           4  filter.o(.data)
    t_13                                     0x2000023c   Data           4  filter.o(.data)
    PP                                       0x20000240   Data          16  filter.o(.data)
    PP2                                      0x20000250   Data          16  filter.o(.data)
    PP3                                      0x20000260   Data          16  filter.o(.data)
    temp_pid                                 0x20000288   Data          16  main.o(.bss)
    temp_inc                                 0x20000298   Data          16  main.o(.bss)
    fft_temp                                 0x200002a8   Data        4096  main.o(.bss)
    wave_temp                                0x200012a8   Data         512  main.o(.bss)
    wave_x                                   0x200014a8   Data        1024  main.o(.bss)
    wave_y                                   0x200018a8   Data        1024  main.o(.bss)
    list                                     0x20001ca8   Data          72  main.o(.bss)
    USART1_RX_BUF                            0x20001cf0   Data         200  usart.o(.bss)
    USART2_RX_BUF                            0x20001db8   Data         200  usart.o(.bss)
    USART3_RX_BUF                            0x20001e80   Data         200  usart.o(.bss)
    USART4_RX_BUF                            0x20001f48   Data         200  usart.o(.bss)
    USART5_RX_BUF                            0x20002010   Data         200  usart.o(.bss)
    OLED_GRAM                                0x200020e8   Data        1152  oled_spi.o(.bss)
    STMFLASH_BUF                             0x20002568   Data        1024  stmflash.o(.bss)
    Data                                     0x20002968   Data           9  pstwo.o(.bss)
    ADC_ConvertedValue                       0x20002972   Data          40  bsp_adc.o(.bss)
    DataScope_OutPut_Buffer                  0x2000299a   Data          42  datascope_dp.o(.bss)
    fft_in                                   0x200029c4   Data        4096  fft.o(.bss)
    fft_out                                  0x200039c4   Data        2048  fft.o(.bss)
    fft_fuzhi                                0x200041c4   Data        2048  fft.o(.bss)
    Pdot                                     0x200049c4   Data          16  filter.o(.bss)
    Pdot2                                    0x200049d4   Data          16  filter.o(.bss)
    Pdot3                                    0x200049e4   Data          16  filter.o(.bss)
    __initial_sp                             0x20004df8   Data           0  startup_stm32f10x_md.o(STACK)



==============================================================================

Memory Map of the image

  Image Entry point : 0x080000ed

  Load Region LR_IROM1 (Base: 0x08000000, Size: 0x0000fbf0, Max: 0x00020000, ABSOLUTE, COMPRESSED[0x0000fa0c])

    Execution Region ER_IROM1 (Exec base: 0x08000000, Load base: 0x08000000, Size: 0x0000f968, Max: 0x00020000, ABSOLUTE)

    Exec Addr    Load Addr    Size         Type   Attr      Idx    E Section Name        Object

    0x08000000   0x08000000   0x000000ec   Data   RO          790    RESET               startup_stm32f10x_md.o
    0x080000ec   0x080000ec   0x00000000   Code   RO         1118  * .ARM.Collect$$$$00000000  mc_w.l(entry.o)
    0x080000ec   0x080000ec   0x00000004   Code   RO         1509    .ARM.Collect$$$$00000001  mc_w.l(entry2.o)
    0x080000f0   0x080000f0   0x00000004   Code   RO         1512    .ARM.Collect$$$$00000004  mc_w.l(entry5.o)
    0x080000f4   0x080000f4   0x00000000   Code   RO         1514    .ARM.Collect$$$$00000008  mc_w.l(entry7b.o)
    0x080000f4   0x080000f4   0x00000000   Code   RO         1516    .ARM.Collect$$$$0000000A  mc_w.l(entry8b.o)
    0x080000f4   0x080000f4   0x00000008   Code   RO         1517    .ARM.Collect$$$$0000000B  mc_w.l(entry9a.o)
    0x080000fc   0x080000fc   0x00000004   Code   RO         1524    .ARM.Collect$$$$0000000E  mc_w.l(entry12b.o)
    0x08000100   0x08000100   0x00000000   Code   RO         1519    .ARM.Collect$$$$0000000F  mc_w.l(entry10a.o)
    0x08000100   0x08000100   0x00000000   Code   RO         1521    .ARM.Collect$$$$00000011  mc_w.l(entry11a.o)
    0x08000100   0x08000100   0x00000004   Code   RO         1510    .ARM.Collect$$$$00002712  mc_w.l(entry2.o)
    0x08000104   0x08000104   0x00000ca0   Code   RO            1    .text               main.o
    0x08000da4   0x08000da4   0x00000012   Code   RO          237    .text               stm32f10x_it.o
    0x08000db6   0x08000db6   0x00000002   PAD
    0x08000db8   0x08000db8   0x00000154   Code   RO          278    .text               system_stm32f10x.o
    0x08000f0c   0x08000f0c   0x00000098   Code   RO          296    .text               delay.o
    0x08000fa4   0x08000fa4   0x0000064c   Code   RO          326    .text               usart.o
    0x080015f0   0x080015f0   0x00000074   Code   RO          356    .text               led.o
    0x08001664   0x08001664   0x0000052c   Code   RO          397    .text               control.o
    0x08001b90   0x08001b90   0x000004f4   Code   RO          414    .text               encoder.o
    0x08002084   0x08002084   0x000000f8   Code   RO          426    .text               motor.o
    0x0800217c   0x0800217c   0x000000ec   Code   RO          475    .text               ultrasonicwave.o
    0x08002268   0x08002268   0x00000178   Code   RO          487    .text               timer.o
    0x080023e0   0x080023e0   0x00000438   Code   RO          499    .text               mpu6050.o
    0x08002818   0x08002818   0x00000224   Code   RO          512    .text               mpuiic.o
    0x08002a3c   0x08002a3c   0x00001a10   Code   RO          525    .text               inv_mpu.o
    0x0800444c   0x0800444c   0x00000a78   Code   RO          552    .text               inv_mpu_dmp_motion_driver.o
    0x08004ec4   0x08004ec4   0x000007ec   Code   RO          574    .text               oled_spi.o
    0x080056b0   0x080056b0   0x00000c90   Code   RO          594    .text               show.o
    0x08006340   0x08006340   0x00000118   Code   RO          611    .text               stmflash.o
    0x08006458   0x08006458   0x00000466   Code   RO          627    .text               pstwo.o
    0x080068be   0x080068be   0x00000002   PAD
    0x080068c0   0x080068c0   0x0000025c   Code   RO          647    .text               bsp_adc.o
    0x08006b1c   0x08006b1c   0x00000108   Code   RO          666    .text               datascope_dp.o
    0x08006c24   0x08006c24   0x000011e0   Code   RO          685    .text               cr4_fft_1024_stm32.o
    0x08007e04   0x08007e04   0x000005de   Code   RO          689    .text               cr4_fft_256_stm32.o
    0x080083e2   0x080083e2   0x00000002   PAD
    0x080083e4   0x080083e4   0x000001d0   Code   RO          692    .text               fft.o
    0x080085b4   0x080085b4   0x00000498   Code   RO          717    .text               filter.o
    0x08008a4c   0x08008a4c   0x00000024   Code   RO          791    .text               startup_stm32f10x_md.o
    0x08008a70   0x08008a70   0x000000b0   Code   RO          795    .text               misc.o
    0x08008b20   0x08008b20   0x00000330   Code   RO          807    .text               stm32f10x_adc.o
    0x08008e50   0x08008e50   0x000001c8   Code   RO          891    .text               stm32f10x_dma.o
    0x08009018   0x08009018   0x000000e8   Code   RO          903    .text               stm32f10x_exti.o
    0x08009100   0x08009100   0x0000047c   Code   RO          915    .text               stm32f10x_flash.o
    0x0800957c   0x0800957c   0x0000026c   Code   RO          940    .text               stm32f10x_gpio.o
    0x080097e8   0x080097e8   0x000002b4   Code   RO          988    .text               stm32f10x_rcc.o
    0x08009a9c   0x08009a9c   0x00000af4   Code   RO         1039    .text               stm32f10x_tim.o
    0x0800a590   0x0800a590   0x00000328   Code   RO         1052    .text               stm32f10x_usart.o
    0x0800a8b8   0x0800a8b8   0x00000062   Code   RO         1121    .text               mc_w.l(ldiv.o)
    0x0800a91a   0x0800a91a   0x00000024   Code   RO         1127    .text               mc_w.l(memseta.o)
    0x0800a93e   0x0800a93e   0x0000000e   Code   RO         1129    .text               mc_w.l(strlen.o)
    0x0800a94c   0x0800a94c   0x0000001a   Code   RO         1131    .text               mc_w.l(memcmp.o)
    0x0800a966   0x0800a966   0x00000012   Code   RO         1133    .text               mc_w.l(strcpy.o)
    0x0800a978   0x0800a978   0x0000001a   Code   RO         1428    .text               mc_w.l(atoi.o)
    0x0800a992   0x0800a992   0x000000b0   Code   RO         1430    .text               mf_w.l(fadd.o)
    0x0800aa42   0x0800aa42   0x00000064   Code   RO         1432    .text               mf_w.l(fmul.o)
    0x0800aaa6   0x0800aaa6   0x0000007c   Code   RO         1434    .text               mf_w.l(fdiv.o)
    0x0800ab22   0x0800ab22   0x00000018   Code   RO         1436    .text               mf_w.l(fscalb.o)
    0x0800ab3a   0x0800ab3a   0x0000014e   Code   RO         1438    .text               mf_w.l(dadd.o)
    0x0800ac88   0x0800ac88   0x000000e4   Code   RO         1440    .text               mf_w.l(dmul.o)
    0x0800ad6c   0x0800ad6c   0x000000de   Code   RO         1442    .text               mf_w.l(ddiv.o)
    0x0800ae4a   0x0800ae4a   0x0000002e   Code   RO         1444    .text               mf_w.l(dscalb.o)
    0x0800ae78   0x0800ae78   0x00000012   Code   RO         1446    .text               mf_w.l(fflti.o)
    0x0800ae8a   0x0800ae8a   0x0000000a   Code   RO         1448    .text               mf_w.l(ffltui.o)
    0x0800ae94   0x0800ae94   0x00000022   Code   RO         1450    .text               mf_w.l(dflti.o)
    0x0800aeb6   0x0800aeb6   0x0000001a   Code   RO         1452    .text               mf_w.l(dfltui.o)
    0x0800aed0   0x0800aed0   0x00000032   Code   RO         1454    .text               mf_w.l(ffixi.o)
    0x0800af02   0x0800af02   0x00000028   Code   RO         1456    .text               mf_w.l(ffixui.o)
    0x0800af2a   0x0800af2a   0x00000032   Code   RO         1458    .text               mf_w.l(dfixui.o)
    0x0800af5c   0x0800af5c   0x00000026   Code   RO         1460    .text               mf_w.l(f2d.o)
    0x0800af82   0x0800af82   0x00000038   Code   RO         1462    .text               mf_w.l(d2f.o)
    0x0800afba   0x0800afba   0x00000002   PAD
    0x0800afbc   0x0800afbc   0x00000014   Code   RO         1464    .text               mf_w.l(cfrcmple.o)
    0x0800afd0   0x0800afd0   0x0000002c   Code   RO         1525    .text               mc_w.l(uidiv.o)
    0x0800affc   0x0800affc   0x00000062   Code   RO         1527    .text               mc_w.l(uldiv.o)
    0x0800b05e   0x0800b05e   0x0000001e   Code   RO         1529    .text               mc_w.l(llshl.o)
    0x0800b07c   0x0800b07c   0x00000020   Code   RO         1531    .text               mc_w.l(llushr.o)
    0x0800b09c   0x0800b09c   0x00000024   Code   RO         1533    .text               mc_w.l(llsshr.o)
    0x0800b0c0   0x0800b0c0   0x00000070   Code   RO         1544    .text               mc_w.l(strtol.o)
    0x0800b130   0x0800b130   0x00000000   Code   RO         1546    .text               mc_w.l(iusefp.o)
    0x0800b130   0x0800b130   0x0000006e   Code   RO         1547    .text               mf_w.l(fepilogue.o)
    0x0800b19e   0x0800b19e   0x000000ba   Code   RO         1549    .text               mf_w.l(depilogue.o)
    0x0800b258   0x0800b258   0x000000a2   Code   RO         1551    .text               mf_w.l(dsqrt.o)
    0x0800b2fa   0x0800b2fa   0x00000030   Code   RO         1553    .text               mf_w.l(dfixul.o)
    0x0800b32a   0x0800b32a   0x00000002   PAD
    0x0800b32c   0x0800b32c   0x00000030   Code   RO         1555    .text               mf_w.l(cdcmple.o)
    0x0800b35c   0x0800b35c   0x00000030   Code   RO         1557    .text               mf_w.l(cdrcmple.o)
    0x0800b38c   0x0800b38c   0x00000024   Code   RO         1559    .text               mc_w.l(init.o)
    0x0800b3b0   0x0800b3b0   0x00000008   Code   RO         1561    .text               mc_w.l(ctype_o.o)
    0x0800b3b8   0x0800b3b8   0x0000009e   Code   RO         1589    .text               mc_w.l(_strtoul.o)
    0x0800b456   0x0800b456   0x0000003e   Code   RO         1591    .text               mf_w.l(dfixi.o)
    0x0800b494   0x0800b494   0x0000001c   Code   RO         1593    .text               mc_w.l(_chval.o)
    0x0800b4b0   0x0800b4b0   0x00000056   Code   RO         1603    .text               mc_w.l(__dczerorl2.o)
    0x0800b506   0x0800b506   0x00000002   PAD
    0x0800b508   0x0800b508   0x00000020   Code   RO         1372    i.__0printf         mc_w.l(printfa.o)
    0x0800b528   0x0800b528   0x00000028   Code   RO         1493    i.__ARM_fpclassify  m_ws.l(fpclassify.o)
    0x0800b550   0x0800b550   0x00000008   Code   RO         1537    i.__aeabi_errno_addr  mc_w.l(errno.o)
    0x0800b558   0x0800b558   0x00000388   Code   RO         1498    i.__ieee754_rem_pio2  m_ws.l(rred.o)
    0x0800b8e0   0x0800b8e0   0x000000fc   Code   RO         1476    i.__kernel_cos      m_ws.l(cos_i.o)
    0x0800b9dc   0x0800b9dc   0x000000aa   Code   RO         1495    i.__kernel_poly     m_ws.l(poly.o)
    0x0800ba86   0x0800ba86   0x00000002   PAD
    0x0800ba88   0x0800ba88   0x000000ec   Code   RO         1503    i.__kernel_sin      m_ws.l(sin_i.o)
    0x0800bb74   0x0800bb74   0x00000006   Code   RO         1480    i.__mathlib_dbl_infnan  m_ws.l(dunder.o)
    0x0800bb7a   0x0800bb7a   0x00000004   Code   RO         1481    i.__mathlib_dbl_infnan2  m_ws.l(dunder.o)
    0x0800bb7e   0x0800bb7e   0x0000000c   Code   RO         1482    i.__mathlib_dbl_invalid  m_ws.l(dunder.o)
    0x0800bb8a   0x0800bb8a   0x00000002   PAD
    0x0800bb8c   0x0800bb8c   0x00000010   Code   RO         1485    i.__mathlib_dbl_underflow  m_ws.l(dunder.o)
    0x0800bb9c   0x0800bb9c   0x0000000e   Code   RO         1597    i.__scatterload_copy  mc_w.l(handlers.o)
    0x0800bbaa   0x0800bbaa   0x00000002   Code   RO         1598    i.__scatterload_null  mc_w.l(handlers.o)
    0x0800bbac   0x0800bbac   0x0000000e   Code   RO         1599    i.__scatterload_zeroinit  mc_w.l(handlers.o)
    0x0800bbba   0x0800bbba   0x00000002   PAD
    0x0800bbbc   0x0800bbbc   0x0000000c   Code   RO         1539    i.__set_errno       mc_w.l(errno.o)
    0x0800bbc8   0x0800bbc8   0x00000184   Code   RO         1379    i._fp_digits        mc_w.l(printfa.o)
    0x0800bd4c   0x0800bd4c   0x000006b4   Code   RO         1380    i._printf_core      mc_w.l(printfa.o)
    0x0800c400   0x0800c400   0x00000024   Code   RO         1381    i._printf_post_padding  mc_w.l(printfa.o)
    0x0800c424   0x0800c424   0x0000002e   Code   RO         1382    i._printf_pre_padding  mc_w.l(printfa.o)
    0x0800c452   0x0800c452   0x00000002   PAD
    0x0800c454   0x0800c454   0x00000270   Code   RO         1077    i.asin              m_ws.l(asin.o)
    0x0800c6c4   0x0800c6c4   0x00000220   Code   RO         1467    i.atan              m_ws.l(atan.o)
    0x0800c8e4   0x0800c8e4   0x0000019c   Code   RO         1087    i.atan2             m_ws.l(atan2.o)
    0x0800ca80   0x0800ca80   0x0000009c   Code   RO         1095    i.cos               m_ws.l(cos.o)
    0x0800cb1c   0x0800cb1c   0x000000a0   Code   RO         1103    i.sin               m_ws.l(sin.o)
    0x0800cbbc   0x0800cbbc   0x0000004c   Code   RO         1111    i.sqrt              m_ws.l(sqrt.o)
    0x0800cc08   0x0800cc08   0x0000001b   Data   RO          526    .constdata          inv_mpu.o
    0x0800cc23   0x0800cc23   0x00000001   PAD
    0x0800cc24   0x0800cc24   0x0000000c   Data   RO          527    .constdata          inv_mpu.o
    0x0800cc30   0x0800cc30   0x00000028   Data   RO          528    .constdata          inv_mpu.o
    0x0800cc58   0x0800cc58   0x00000bf6   Data   RO          554    .constdata          inv_mpu_dmp_motion_driver.o
    0x0800d84e   0x0800d84e   0x00001e10   Data   RO          576    .constdata          oled_spi.o
    0x0800f65e   0x0800f65e   0x00000002   PAD
    0x0800f660   0x0800f660   0x00000050   Data   RO         1078    .constdata          m_ws.l(asin.o)
    0x0800f6b0   0x0800f6b0   0x00000098   Data   RO         1468    .constdata          m_ws.l(atan.o)
    0x0800f748   0x0800f748   0x00000030   Data   RO         1477    .constdata          m_ws.l(cos_i.o)
    0x0800f778   0x0800f778   0x00000008   Data   RO         1497    .constdata          m_ws.l(qnan.o)
    0x0800f780   0x0800f780   0x000000c8   Data   RO         1500    .constdata          m_ws.l(rred.o)
    0x0800f848   0x0800f848   0x00000028   Data   RO         1504    .constdata          m_ws.l(sin_i.o)
    0x0800f870   0x0800f870   0x00000081   Data   RO         1562    .constdata          mc_w.l(ctype_o.o)
    0x0800f8f1   0x0800f8f1   0x00000003   PAD
    0x0800f8f4   0x0800f8f4   0x00000004   Data   RO         1563    .constdata          mc_w.l(ctype_o.o)
    0x0800f8f8   0x0800f8f8   0x0000004d   Data   RO          529    .conststring        inv_mpu.o
    0x0800f945   0x0800f945   0x00000003   PAD
    0x0800f948   0x0800f948   0x00000020   Data   RO         1595    Region$$Table       anon$$obj.o


    Execution Region RW_IRAM1 (Exec base: 0x20000000, Load base: 0x0800f968, Size: 0x00004df8, Max: 0x00010000, ABSOLUTE, COMPRESSED[0x000000a4])

    Exec Addr    Load Addr    Size         Type   Attr      Idx    E Section Name        Object

    0x20000000   COMPRESSED   0x00000004   Data   RW            3    .data               main.o
    0x20000004   COMPRESSED   0x00000004   Data   RW            4    .data               main.o
    0x20000008   COMPRESSED   0x00000001   Data   RW            5    .data               main.o
    0x20000009   COMPRESSED   0x00000003   PAD
    0x2000000c   COMPRESSED   0x00000064   Data   RW            6    .data               main.o
    0x20000070   COMPRESSED   0x00000004   Data   RW            7    .data               main.o
    0x20000074   COMPRESSED   0x00000004   Data   RW            8    .data               main.o
    0x20000078   COMPRESSED   0x00000004   Data   RW            9    .data               main.o
    0x2000007c   COMPRESSED   0x00000004   Data   RW           10    .data               main.o
    0x20000080   COMPRESSED   0x00000004   Data   RW           11    .data               main.o
    0x20000084   COMPRESSED   0x00000004   Data   RW           12    .data               main.o
    0x20000088   COMPRESSED   0x00000002   Data   RW           16    .data               main.o
    0x2000008a   COMPRESSED   0x00000002   Data   RW           17    .data               main.o
    0x2000008c   COMPRESSED   0x00000002   Data   RW           18    .data               main.o
    0x2000008e   COMPRESSED   0x00000002   Data   RW           19    .data               main.o
    0x20000090   COMPRESSED   0x00000002   Data   RW           20    .data               main.o
    0x20000092   COMPRESSED   0x00000002   Data   RW           21    .data               main.o
    0x20000094   COMPRESSED   0x00000004   Data   RW           22    .data               main.o
    0x20000098   COMPRESSED   0x00000004   Data   RW           23    .data               main.o
    0x2000009c   COMPRESSED   0x00000004   Data   RW           24    .data               main.o
    0x200000a0   COMPRESSED   0x00000004   Data   RW           25    .data               main.o
    0x200000a4   COMPRESSED   0x00000004   Data   RW           26    .data               main.o
    0x200000a8   COMPRESSED   0x00000004   Data   RW           27    .data               main.o
    0x200000ac   COMPRESSED   0x00000004   Data   RW           28    .data               main.o
    0x200000b0   COMPRESSED   0x00000004   Data   RW           29    .data               main.o
    0x200000b4   COMPRESSED   0x00000014   Data   RW          279    .data               system_stm32f10x.o
    0x200000c8   COMPRESSED   0x00000004   Data   RW          297    .data               delay.o
    0x200000cc   COMPRESSED   0x0000000a   Data   RW          330    .data               usart.o
    0x200000d6   COMPRESSED   0x00000002   PAD
    0x200000d8   COMPRESSED   0x00000004   Data   RW          331    .data               usart.o
    0x200000dc   COMPRESSED   0x00000004   Data   RW          357    .data               led.o
    0x200000e0   COMPRESSED   0x00000044   Data   RW          400    .data               control.o
    0x20000124   COMPRESSED   0x00000035   Data   RW          530    .data               inv_mpu.o
    0x20000159   COMPRESSED   0x00000001   PAD
    0x2000015a   COMPRESSED   0x00000028   Data   RW          629    .data               pstwo.o
    0x20000182   COMPRESSED   0x00000001   Data   RW          649    .data               bsp_adc.o
    0x20000183   COMPRESSED   0x00000001   PAD
    0x20000184   COMPRESSED   0x000000ec   Data   RW          719    .data               filter.o
    0x20000270   COMPRESSED   0x00000014   Data   RW          989    .data               stm32f10x_rcc.o
    0x20000284   COMPRESSED   0x00000004   Data   RW         1540    .data               mc_w.l(errno.o)
    0x20000288        -       0x00001a68   Zero   RW            2    .bss                main.o
    0x20001cf0        -       0x000003e8   Zero   RW          327    .bss                usart.o
    0x200020d8        -       0x00000010   Zero   RW          553    .bss                inv_mpu_dmp_motion_driver.o
    0x200020e8        -       0x00000480   Zero   RW          575    .bss                oled_spi.o
    0x20002568        -       0x00000400   Zero   RW          612    .bss                stmflash.o
    0x20002968        -       0x00000009   Zero   RW          628    .bss                pstwo.o
    0x20002971   COMPRESSED   0x00000001   PAD
    0x20002972        -       0x00000028   Zero   RW          648    .bss                bsp_adc.o
    0x2000299a        -       0x0000002a   Zero   RW          667    .bss                datascope_dp.o
    0x200029c4        -       0x00002000   Zero   RW          693    .bss                fft.o
    0x200049c4        -       0x00000030   Zero   RW          718    .bss                filter.o
    0x200049f4   COMPRESSED   0x00000004   PAD
    0x200049f8        -       0x00000400   Zero   RW          788    STACK               startup_stm32f10x_md.o


==============================================================================

Image component sizes


      Code (inc. data)   RO Data    RW Data    ZI Data      Debug   Object Name

       604         26          0          1         40       2701   bsp_adc.o
      1324        290          0         68          0       5032   control.o
      4576       4080          0          0          0        372   cr4_fft_1024_stm32.o
      1502       1008          0          0          0        336   cr4_fft_256_stm32.o
       264         28          0          0         42       2411   datascope_dp.o
       152         14          0          4          0       1059   delay.o
      1268         56          0          0          0       3570   encoder.o
       464         42          0          0       8192       2514   fft.o
      1176         22          0        236         48       3681   filter.o
      6672        184        156         53          0      24379   inv_mpu.o
      2680        120       3062          0         16      15265   inv_mpu_dmp_motion_driver.o
       116         18          0          4          0        734   led.o
      3232        586          0        177       6760     286170   main.o
       176         14          0          0          0       1821   misc.o
       248         34          0          0          0       1745   motor.o
      1080         72          0          0          0       4979   mpu6050.o
       548         10          0          0          0       3150   mpuiic.o
      2028         52       7696          0       1152       9058   oled_spi.o
      1126         24          0         40          9       4610   pstwo.o
      3216        230          0          0          0       7702   show.o
        36          8        236          0       1024        772   startup_stm32f10x_md.o
       816         24          0          0          0      11213   stm32f10x_adc.o
       456         10          0          0          0       4610   stm32f10x_dma.o
       232          8          0          0          0       2327   stm32f10x_exti.o
      1148         22          0          0          0       9232   stm32f10x_flash.o
       620         36          0          0          0       5793   stm32f10x_gpio.o
        18          0          0          0          0       1154   stm32f10x_it.o
       692         32          0         20          0       8932   stm32f10x_rcc.o
      2804         86          0          0          0      22910   stm32f10x_tim.o
       808         22          0          0          0       8708   stm32f10x_usart.o
       280          6          0          0       1024       2844   stmflash.o
       340         32          0         20          0       1715   system_stm32f10x.o
       376         12          0          0          0       1642   timer.o
       236         16          0          0          0        996   ultrasonicwave.o
      1612         62          0         14       1000       9183   usart.o

    ----------------------------------------------------------------------
     42932       7288      11188        644      19312     473320   Object Totals
         0          0         32          0          0          0   (incl. Generated)
         6          2          6          7          5          0   (incl. Padding)

    ----------------------------------------------------------------------

      Code (inc. data)   RO Data    RW Data    ZI Data      Debug   Library Member Name

       624         52         80          0          0        168   asin.o
       544         70        152          0          0        124   atan.o
       412         38          0          0          0        144   atan2.o
       156          8          0          0          0        104   cos.o
       252         22         48          0          0        124   cos_i.o
        38          6          0          0          0        272   dunder.o
        40          0          0          0          0         68   fpclassify.o
       170          0          0          0          0         96   poly.o
         0          0          8          0          0          0   qnan.o
       904         76        200          0          0        140   rred.o
       160         10          0          0          0        108   sin.o
       236         12         40          0          0        128   sin_i.o
        76          0          0          0          0         84   sqrt.o
        86          0          0          0          0          0   __dczerorl2.o
        28          0          0          0          0         68   _chval.o
       158          0          0          0          0         92   _strtoul.o
        26          0          0          0          0         80   atoi.o
         8          4        133          0          0         68   ctype_o.o
         0          0          0          0          0          0   entry.o
         0          0          0          0          0          0   entry10a.o
         0          0          0          0          0          0   entry11a.o
         4          0          0          0          0          0   entry12b.o
         8          4          0          0          0          0   entry2.o
         4          0          0          0          0          0   entry5.o
         0          0          0          0          0          0   entry7b.o
         0          0          0          0          0          0   entry8b.o
         8          4          0          0          0          0   entry9a.o
        20         10          0          4          0        136   errno.o
        30          0          0          0          0          0   handlers.o
        36          8          0          0          0         68   init.o
         0          0          0          0          0          0   iusefp.o
        98          0          0          0          0         84   ldiv.o
        30          0          0          0          0         68   llshl.o
        36          0          0          0          0         68   llsshr.o
        32          0          0          0          0         68   llushr.o
        26          0          0          0          0         80   memcmp.o
        36          0          0          0          0        108   memseta.o
      2218         90          0          0          0        464   printfa.o
        18          0          0          0          0         68   strcpy.o
        14          0          0          0          0         68   strlen.o
       112          0          0          0          0         88   strtol.o
        44          0          0          0          0         80   uidiv.o
        98          0          0          0          0         92   uldiv.o
        48          0          0          0          0         68   cdcmple.o
        48          0          0          0          0         68   cdrcmple.o
        20          0          0          0          0         68   cfrcmple.o
        56          0          0          0          0         88   d2f.o
       334          0          0          0          0        148   dadd.o
       222          0          0          0          0        100   ddiv.o
       186          0          0          0          0        176   depilogue.o
        62          0          0          0          0         80   dfixi.o
        50          0          0          0          0         76   dfixui.o
        48          0          0          0          0         68   dfixul.o
        34          0          0          0          0         76   dflti.o
        26          0          0          0          0         76   dfltui.o
       228          0          0          0          0         96   dmul.o
        46          0          0          0          0         80   dscalb.o
       162          0          0          0          0        100   dsqrt.o
        38          0          0          0          0         68   f2d.o
       176          0          0          0          0        140   fadd.o
       124          0          0          0          0         88   fdiv.o
       110          0          0          0          0        168   fepilogue.o
        50          0          0          0          0         68   ffixi.o
        40          0          0          0          0         68   ffixui.o
        18          0          0          0          0         68   fflti.o
        10          0          0          0          0         68   ffltui.o
       100          0          0          0          0         76   fmul.o
        24          0          0          0          0         68   fscalb.o

    ----------------------------------------------------------------------
      9064        414        664          4          0       5656   Library Totals
        14          0          3          0          0          0   (incl. Padding)

    ----------------------------------------------------------------------

      Code (inc. data)   RO Data    RW Data    ZI Data      Debug   Library Name

      3612        294        528          0          0       1560   m_ws.l
      3178        120        133          4          0       1848   mc_w.l
      2260          0          0          0          0       2248   mf_w.l

    ----------------------------------------------------------------------
      9064        414        664          4          0       5656   Library Totals

    ----------------------------------------------------------------------

==============================================================================


      Code (inc. data)   RO Data    RW Data    ZI Data      Debug   

     51996       7702      11852        648      19312     471616   Grand Totals
     51996       7702      11852        164      19312     471616   ELF Image Totals (compressed)
     51996       7702      11852        164          0          0   ROM Totals

==============================================================================

    Total RO  Size (Code + RO Data)                63848 (  62.35kB)
    Total RW  Size (RW Data + ZI Data)             19960 (  19.49kB)
    Total ROM Size (Code + RO Data + RW Data)      64012 (  62.51kB)

==============================================================================

